------------------------------------------------------------
TimeQuest Timing Analyzer Summary
------------------------------------------------------------

Type  : Slow 1200mV 85C Model Setup 'VGA_display:dis|n1[0]'
Slack : -14.475
TNS   : -42.273

Type  : Slow 1200mV 85C Model Setup 'VGA_display:dis|VGA_sm:u1|i[3]'
Slack : -11.043
TNS   : -149.230

Type  : Slow 1200mV 85C Model Setup 'VGA_display:dis|n[2]'
Slack : -8.443
TNS   : -52.030

Type  : Slow 1200mV 85C Model Setup 'VGA_display:dis|clk_25M_res'
Slack : -8.227
TNS   : -373.868

Type  : Slow 1200mV 85C Model Setup 'CLK'
Slack : -6.202
TNS   : -336.383

Type  : Slow 1200mV 85C Model Setup 'clk_25M'
Slack : -2.997
TNS   : -151.968

Type  : Slow 1200mV 85C Model Setup 'clk_in'
Slack : -2.841
TNS   : -120.521

Type  : Slow 1200mV 85C Model Setup 'VGA_display:dis|a'
Slack : -1.963
TNS   : -8.248

Type  : Slow 1200mV 85C Model Setup 'VGA_display:dis|a1'
Slack : -1.463
TNS   : -3.394

Type  : Slow 1200mV 85C Model Hold 'VGA_display:dis|VGA_sm:u1|i[3]'
Slack : -1.429
TNS   : -10.071

Type  : Slow 1200mV 85C Model Hold 'VGA_display:dis|n1[0]'
Slack : -0.883
TNS   : -1.423

Type  : Slow 1200mV 85C Model Hold 'VGA_display:dis|a'
Slack : -0.582
TNS   : -1.829

Type  : Slow 1200mV 85C Model Hold 'VGA_display:dis|clk_25M_res'
Slack : -0.082
TNS   : -0.082

Type  : Slow 1200mV 85C Model Hold 'VGA_display:dis|a1'
Slack : -0.045
TNS   : -0.045

Type  : Slow 1200mV 85C Model Hold 'clk_in'
Slack : -0.023
TNS   : -0.023

Type  : Slow 1200mV 85C Model Hold 'CLK'
Slack : 0.143
TNS   : 0.000

Type  : Slow 1200mV 85C Model Hold 'VGA_display:dis|n[2]'
Slack : 0.276
TNS   : 0.000

Type  : Slow 1200mV 85C Model Hold 'clk_25M'
Slack : 0.339
TNS   : 0.000

Type  : Slow 1200mV 85C Model Minimum Pulse Width 'clk_in'
Slack : -3.000
TNS   : -63.000

Type  : Slow 1200mV 85C Model Minimum Pulse Width 'VGA_display:dis|clk_25M_res'
Slack : -2.174
TNS   : -174.352

Type  : Slow 1200mV 85C Model Minimum Pulse Width 'VGA_display:dis|VGA_sm:u1|i[3]'
Slack : -1.635
TNS   : -105.495

Type  : Slow 1200mV 85C Model Minimum Pulse Width 'CLK'
Slack : -1.000
TNS   : -110.000

Type  : Slow 1200mV 85C Model Minimum Pulse Width 'clk_25M'
Slack : -1.000
TNS   : -66.000

Type  : Slow 1200mV 85C Model Minimum Pulse Width 'VGA_display:dis|a'
Slack : -1.000
TNS   : -7.000

Type  : Slow 1200mV 85C Model Minimum Pulse Width 'VGA_display:dis|a1'
Slack : -1.000
TNS   : -3.000

Type  : Slow 1200mV 85C Model Minimum Pulse Width 'VGA_display:dis|n[2]'
Slack : 0.349
TNS   : 0.000

Type  : Slow 1200mV 85C Model Minimum Pulse Width 'VGA_display:dis|n1[0]'
Slack : 0.457
TNS   : 0.000

Type  : Slow 1200mV 0C Model Setup 'VGA_display:dis|n1[0]'
Slack : -12.855
TNS   : -37.415

Type  : Slow 1200mV 0C Model Setup 'VGA_display:dis|VGA_sm:u1|i[3]'
Slack : -9.747
TNS   : -132.097

Type  : Slow 1200mV 0C Model Setup 'VGA_display:dis|n[2]'
Slack : -7.460
TNS   : -45.956

Type  : Slow 1200mV 0C Model Setup 'VGA_display:dis|clk_25M_res'
Slack : -7.280
TNS   : -324.451

Type  : Slow 1200mV 0C Model Setup 'CLK'
Slack : -5.486
TNS   : -291.855

Type  : Slow 1200mV 0C Model Setup 'clk_25M'
Slack : -2.612
TNS   : -129.462

Type  : Slow 1200mV 0C Model Setup 'clk_in'
Slack : -2.443
TNS   : -102.383

Type  : Slow 1200mV 0C Model Setup 'VGA_display:dis|a'
Slack : -1.572
TNS   : -6.431

Type  : Slow 1200mV 0C Model Setup 'VGA_display:dis|a1'
Slack : -1.249
TNS   : -2.817

Type  : Slow 1200mV 0C Model Hold 'VGA_display:dis|VGA_sm:u1|i[3]'
Slack : -1.113
TNS   : -6.511

Type  : Slow 1200mV 0C Model Hold 'VGA_display:dis|n1[0]'
Slack : -0.778
TNS   : -1.274

Type  : Slow 1200mV 0C Model Hold 'VGA_display:dis|a'
Slack : -0.546
TNS   : -1.715

Type  : Slow 1200mV 0C Model Hold 'VGA_display:dis|a1'
Slack : -0.065
TNS   : -0.065

Type  : Slow 1200mV 0C Model Hold 'VGA_display:dis|clk_25M_res'
Slack : -0.065
TNS   : -0.065

Type  : Slow 1200mV 0C Model Hold 'clk_in'
Slack : -0.027
TNS   : -0.053

Type  : Slow 1200mV 0C Model Hold 'CLK'
Slack : 0.143
TNS   : 0.000

Type  : Slow 1200mV 0C Model Hold 'VGA_display:dis|n[2]'
Slack : 0.262
TNS   : 0.000

Type  : Slow 1200mV 0C Model Hold 'clk_25M'
Slack : 0.292
TNS   : 0.000

Type  : Slow 1200mV 0C Model Minimum Pulse Width 'clk_in'
Slack : -3.000
TNS   : -63.000

Type  : Slow 1200mV 0C Model Minimum Pulse Width 'VGA_display:dis|clk_25M_res'
Slack : -2.174
TNS   : -174.352

Type  : Slow 1200mV 0C Model Minimum Pulse Width 'VGA_display:dis|VGA_sm:u1|i[3]'
Slack : -1.319
TNS   : -91.821

Type  : Slow 1200mV 0C Model Minimum Pulse Width 'CLK'
Slack : -1.000
TNS   : -110.000

Type  : Slow 1200mV 0C Model Minimum Pulse Width 'clk_25M'
Slack : -1.000
TNS   : -66.000

Type  : Slow 1200mV 0C Model Minimum Pulse Width 'VGA_display:dis|a'
Slack : -1.000
TNS   : -7.000

Type  : Slow 1200mV 0C Model Minimum Pulse Width 'VGA_display:dis|a1'
Slack : -1.000
TNS   : -3.000

Type  : Slow 1200mV 0C Model Minimum Pulse Width 'VGA_display:dis|n[2]'
Slack : 0.436
TNS   : 0.000

Type  : Slow 1200mV 0C Model Minimum Pulse Width 'VGA_display:dis|n1[0]'
Slack : 0.484
TNS   : 0.000

Type  : Fast 1200mV 0C Model Setup 'VGA_display:dis|n1[0]'
Slack : -7.819
TNS   : -22.846

Type  : Fast 1200mV 0C Model Setup 'VGA_display:dis|VGA_sm:u1|i[3]'
Slack : -5.934
TNS   : -79.294

Type  : Fast 1200mV 0C Model Setup 'VGA_display:dis|clk_25M_res'
Slack : -4.782
TNS   : -169.420

Type  : Fast 1200mV 0C Model Setup 'VGA_display:dis|n[2]'
Slack : -4.268
TNS   : -26.310

Type  : Fast 1200mV 0C Model Setup 'CLK'
Slack : -3.185
TNS   : -149.599

Type  : Fast 1200mV 0C Model Setup 'clk_25M'
Slack : -1.292
TNS   : -60.028

Type  : Fast 1200mV 0C Model Setup 'clk_in'
Slack : -1.126
TNS   : -41.647

Type  : Fast 1200mV 0C Model Setup 'VGA_display:dis|a'
Slack : -0.715
TNS   : -2.313

Type  : Fast 1200mV 0C Model Setup 'VGA_display:dis|a1'
Slack : -0.337
TNS   : -0.608

Type  : Fast 1200mV 0C Model Hold 'VGA_display:dis|VGA_sm:u1|i[3]'
Slack : -0.964
TNS   : -8.333

Type  : Fast 1200mV 0C Model Hold 'VGA_display:dis|n1[0]'
Slack : -0.475
TNS   : -1.009

Type  : Fast 1200mV 0C Model Hold 'VGA_display:dis|a'
Slack : -0.422
TNS   : -1.189

Type  : Fast 1200mV 0C Model Hold 'clk_in'
Slack : -0.143
TNS   : -0.144

Type  : Fast 1200mV 0C Model Hold 'VGA_display:dis|clk_25M_res'
Slack : -0.096
TNS   : -0.218

Type  : Fast 1200mV 0C Model Hold 'VGA_display:dis|a1'
Slack : -0.034
TNS   : -0.034

Type  : Fast 1200mV 0C Model Hold 'CLK'
Slack : -0.031
TNS   : -0.031

Type  : Fast 1200mV 0C Model Hold 'VGA_display:dis|n[2]'
Slack : 0.156
TNS   : 0.000

Type  : Fast 1200mV 0C Model Hold 'clk_25M'
Slack : 0.166
TNS   : 0.000

Type  : Fast 1200mV 0C Model Minimum Pulse Width 'clk_in'
Slack : -3.000
TNS   : -66.433

Type  : Fast 1200mV 0C Model Minimum Pulse Width 'VGA_display:dis|clk_25M_res'
Slack : -1.000
TNS   : -118.000

Type  : Fast 1200mV 0C Model Minimum Pulse Width 'CLK'
Slack : -1.000
TNS   : -110.000

Type  : Fast 1200mV 0C Model Minimum Pulse Width 'clk_25M'
Slack : -1.000
TNS   : -66.000

Type  : Fast 1200mV 0C Model Minimum Pulse Width 'VGA_display:dis|a'
Slack : -1.000
TNS   : -7.000

Type  : Fast 1200mV 0C Model Minimum Pulse Width 'VGA_display:dis|a1'
Slack : -1.000
TNS   : -3.000

Type  : Fast 1200mV 0C Model Minimum Pulse Width 'VGA_display:dis|VGA_sm:u1|i[3]'
Slack : -0.946
TNS   : -46.427

Type  : Fast 1200mV 0C Model Minimum Pulse Width 'VGA_display:dis|n[2]'
Slack : 0.313
TNS   : 0.000

Type  : Fast 1200mV 0C Model Minimum Pulse Width 'VGA_display:dis|n1[0]'
Slack : 0.391
TNS   : 0.000

------------------------------------------------------------
