------------------------------------------------------------
TimeQuest Timing Analyzer Summary
------------------------------------------------------------

Type  : Slow 1200mV 85C Model Setup 'VGA_display:dis|n[1]'
Slack : -13.948
TNS   : -107.506

Type  : Slow 1200mV 85C Model Setup 'CLK'
Slack : -6.515
TNS   : -226.721

Type  : Slow 1200mV 85C Model Setup 'clk_25M'
Slack : -3.396
TNS   : -168.975

Type  : Slow 1200mV 85C Model Setup 'clk_in'
Slack : -2.818
TNS   : -89.682

Type  : Slow 1200mV 85C Model Setup 'VGA_display:dis|a'
Slack : -1.281
TNS   : -2.503

Type  : Slow 1200mV 85C Model Hold 'VGA_display:dis|n[1]'
Slack : -0.582
TNS   : -3.771

Type  : Slow 1200mV 85C Model Hold 'VGA_display:dis|a'
Slack : -0.217
TNS   : -0.217

Type  : Slow 1200mV 85C Model Hold 'clk_in'
Slack : -0.080
TNS   : -0.080

Type  : Slow 1200mV 85C Model Hold 'CLK'
Slack : 0.336
TNS   : 0.000

Type  : Slow 1200mV 85C Model Hold 'clk_25M'
Slack : 0.338
TNS   : 0.000

Type  : Slow 1200mV 85C Model Minimum Pulse Width 'clk_in'
Slack : -3.000
TNS   : -37.000

Type  : Slow 1200mV 85C Model Minimum Pulse Width 'CLK'
Slack : -1.000
TNS   : -79.000

Type  : Slow 1200mV 85C Model Minimum Pulse Width 'clk_25M'
Slack : -1.000
TNS   : -66.000

Type  : Slow 1200mV 85C Model Minimum Pulse Width 'VGA_display:dis|a'
Slack : -1.000
TNS   : -3.000

Type  : Slow 1200mV 85C Model Minimum Pulse Width 'VGA_display:dis|n[1]'
Slack : 0.278
TNS   : 0.000

Type  : Slow 1200mV 0C Model Setup 'VGA_display:dis|n[1]'
Slack : -12.414
TNS   : -95.969

Type  : Slow 1200mV 0C Model Setup 'CLK'
Slack : -5.730
TNS   : -195.319

Type  : Slow 1200mV 0C Model Setup 'clk_25M'
Slack : -3.009
TNS   : -145.110

Type  : Slow 1200mV 0C Model Setup 'clk_in'
Slack : -2.435
TNS   : -77.250

Type  : Slow 1200mV 0C Model Setup 'VGA_display:dis|a'
Slack : -1.024
TNS   : -2.039

Type  : Slow 1200mV 0C Model Hold 'VGA_display:dis|n[1]'
Slack : -0.547
TNS   : -3.266

Type  : Slow 1200mV 0C Model Hold 'VGA_display:dis|a'
Slack : -0.182
TNS   : -0.182

Type  : Slow 1200mV 0C Model Hold 'clk_in'
Slack : -0.105
TNS   : -0.120

Type  : Slow 1200mV 0C Model Hold 'CLK'
Slack : 0.291
TNS   : 0.000

Type  : Slow 1200mV 0C Model Hold 'clk_25M'
Slack : 0.292
TNS   : 0.000

Type  : Slow 1200mV 0C Model Minimum Pulse Width 'clk_in'
Slack : -3.000
TNS   : -37.000

Type  : Slow 1200mV 0C Model Minimum Pulse Width 'CLK'
Slack : -1.000
TNS   : -79.000

Type  : Slow 1200mV 0C Model Minimum Pulse Width 'clk_25M'
Slack : -1.000
TNS   : -66.000

Type  : Slow 1200mV 0C Model Minimum Pulse Width 'VGA_display:dis|a'
Slack : -1.000
TNS   : -3.000

Type  : Slow 1200mV 0C Model Minimum Pulse Width 'VGA_display:dis|n[1]'
Slack : 0.364
TNS   : 0.000

Type  : Fast 1200mV 0C Model Setup 'VGA_display:dis|n[1]'
Slack : -7.513
TNS   : -57.868

Type  : Fast 1200mV 0C Model Setup 'CLK'
Slack : -3.241
TNS   : -98.945

Type  : Fast 1200mV 0C Model Setup 'clk_25M'
Slack : -1.547
TNS   : -71.509

Type  : Fast 1200mV 0C Model Setup 'clk_in'
Slack : -1.130
TNS   : -34.506

Type  : Fast 1200mV 0C Model Setup 'VGA_display:dis|a'
Slack : -0.335
TNS   : -0.581

Type  : Fast 1200mV 0C Model Hold 'VGA_display:dis|n[1]'
Slack : -0.462
TNS   : -3.002

Type  : Fast 1200mV 0C Model Hold 'VGA_display:dis|a'
Slack : -0.224
TNS   : -0.224

Type  : Fast 1200mV 0C Model Hold 'clk_in'
Slack : -0.153
TNS   : -0.172

Type  : Fast 1200mV 0C Model Hold 'CLK'
Slack : 0.166
TNS   : 0.000

Type  : Fast 1200mV 0C Model Hold 'clk_25M'
Slack : 0.166
TNS   : 0.000

Type  : Fast 1200mV 0C Model Minimum Pulse Width 'clk_in'
Slack : -3.000
TNS   : -38.922

Type  : Fast 1200mV 0C Model Minimum Pulse Width 'CLK'
Slack : -1.000
TNS   : -79.000

Type  : Fast 1200mV 0C Model Minimum Pulse Width 'clk_25M'
Slack : -1.000
TNS   : -66.000

Type  : Fast 1200mV 0C Model Minimum Pulse Width 'VGA_display:dis|a'
Slack : -1.000
TNS   : -3.000

Type  : Fast 1200mV 0C Model Minimum Pulse Width 'VGA_display:dis|n[1]'
Slack : 0.292
TNS   : 0.000

------------------------------------------------------------
