------------------------------------------------------------
TimeQuest Timing Analyzer Summary
------------------------------------------------------------

Type  : Slow 1200mV 85C Model Setup 'VGA_display:dis|VGA_sm:u1|i[3]'
Slack : -11.296
TNS   : -155.896

Type  : Slow 1200mV 85C Model Setup 'VGA_display:dis|n[2]'
Slack : -8.043
TNS   : -42.333

Type  : Slow 1200mV 85C Model Setup 'VGA_display:dis|clk_25M_res'
Slack : -6.993
TNS   : -375.111

Type  : Slow 1200mV 85C Model Setup 'CLK'
Slack : -5.027
TNS   : -47.576

Type  : Slow 1200mV 85C Model Setup 'VGA_display:dis|a'
Slack : -2.948
TNS   : -13.262

Type  : Slow 1200mV 85C Model Setup 'clk_25M'
Slack : -2.879
TNS   : -142.358

Type  : Slow 1200mV 85C Model Setup 'clk_in'
Slack : -2.640
TNS   : -116.059

Type  : Slow 1200mV 85C Model Hold 'VGA_display:dis|VGA_sm:u1|i[3]'
Slack : -1.485
TNS   : -9.828

Type  : Slow 1200mV 85C Model Hold 'VGA_display:dis|clk_25M_res'
Slack : -1.397
TNS   : -17.470

Type  : Slow 1200mV 85C Model Hold 'VGA_display:dis|a'
Slack : -0.387
TNS   : -1.101

Type  : Slow 1200mV 85C Model Hold 'clk_in'
Slack : -0.025
TNS   : -0.025

Type  : Slow 1200mV 85C Model Hold 'VGA_display:dis|n[2]'
Slack : 0.220
TNS   : 0.000

Type  : Slow 1200mV 85C Model Hold 'clk_25M'
Slack : 0.339
TNS   : 0.000

Type  : Slow 1200mV 85C Model Hold 'CLK'
Slack : 0.571
TNS   : 0.000

Type  : Slow 1200mV 85C Model Minimum Pulse Width 'clk_in'
Slack : -3.000
TNS   : -63.000

Type  : Slow 1200mV 85C Model Minimum Pulse Width 'VGA_display:dis|clk_25M_res'
Slack : -2.174
TNS   : -174.352

Type  : Slow 1200mV 85C Model Minimum Pulse Width 'VGA_display:dis|VGA_sm:u1|i[3]'
Slack : -2.034
TNS   : -127.335

Type  : Slow 1200mV 85C Model Minimum Pulse Width 'clk_25M'
Slack : -1.000
TNS   : -66.000

Type  : Slow 1200mV 85C Model Minimum Pulse Width 'CLK'
Slack : -1.000
TNS   : -11.000

Type  : Slow 1200mV 85C Model Minimum Pulse Width 'VGA_display:dis|a'
Slack : -1.000
TNS   : -7.000

Type  : Slow 1200mV 85C Model Minimum Pulse Width 'VGA_display:dis|n[2]'
Slack : 0.424
TNS   : 0.000

Type  : Slow 1200mV 0C Model Setup 'VGA_display:dis|VGA_sm:u1|i[3]'
Slack : -10.087
TNS   : -139.856

Type  : Slow 1200mV 0C Model Setup 'VGA_display:dis|n[2]'
Slack : -7.050
TNS   : -36.841

Type  : Slow 1200mV 0C Model Setup 'VGA_display:dis|clk_25M_res'
Slack : -6.261
TNS   : -327.808

Type  : Slow 1200mV 0C Model Setup 'CLK'
Slack : -4.453
TNS   : -42.152

Type  : Slow 1200mV 0C Model Setup 'clk_25M'
Slack : -2.488
TNS   : -120.008

Type  : Slow 1200mV 0C Model Setup 'VGA_display:dis|a'
Slack : -2.485
TNS   : -11.053

Type  : Slow 1200mV 0C Model Setup 'clk_in'
Slack : -2.283
TNS   : -99.091

Type  : Slow 1200mV 0C Model Hold 'VGA_display:dis|clk_25M_res'
Slack : -1.285
TNS   : -17.031

Type  : Slow 1200mV 0C Model Hold 'VGA_display:dis|VGA_sm:u1|i[3]'
Slack : -1.237
TNS   : -7.491

Type  : Slow 1200mV 0C Model Hold 'VGA_display:dis|a'
Slack : -0.356
TNS   : -1.017

Type  : Slow 1200mV 0C Model Hold 'clk_in'
Slack : -0.060
TNS   : -0.060

Type  : Slow 1200mV 0C Model Hold 'VGA_display:dis|n[2]'
Slack : 0.148
TNS   : 0.000

Type  : Slow 1200mV 0C Model Hold 'clk_25M'
Slack : 0.293
TNS   : 0.000

Type  : Slow 1200mV 0C Model Hold 'CLK'
Slack : 0.512
TNS   : 0.000

Type  : Slow 1200mV 0C Model Minimum Pulse Width 'clk_in'
Slack : -3.000
TNS   : -63.000

Type  : Slow 1200mV 0C Model Minimum Pulse Width 'VGA_display:dis|clk_25M_res'
Slack : -2.174
TNS   : -174.352

Type  : Slow 1200mV 0C Model Minimum Pulse Width 'VGA_display:dis|VGA_sm:u1|i[3]'
Slack : -1.747
TNS   : -112.642

Type  : Slow 1200mV 0C Model Minimum Pulse Width 'clk_25M'
Slack : -1.000
TNS   : -66.000

Type  : Slow 1200mV 0C Model Minimum Pulse Width 'CLK'
Slack : -1.000
TNS   : -11.000

Type  : Slow 1200mV 0C Model Minimum Pulse Width 'VGA_display:dis|a'
Slack : -1.000
TNS   : -7.000

Type  : Slow 1200mV 0C Model Minimum Pulse Width 'VGA_display:dis|n[2]'
Slack : 0.466
TNS   : 0.000

Type  : Fast 1200mV 0C Model Setup 'VGA_display:dis|VGA_sm:u1|i[3]'
Slack : -6.144
TNS   : -85.608

Type  : Fast 1200mV 0C Model Setup 'VGA_display:dis|n[2]'
Slack : -4.063
TNS   : -20.390

Type  : Fast 1200mV 0C Model Setup 'VGA_display:dis|clk_25M_res'
Slack : -3.964
TNS   : -169.167

Type  : Fast 1200mV 0C Model Setup 'CLK'
Slack : -2.374
TNS   : -22.338

Type  : Fast 1200mV 0C Model Setup 'VGA_display:dis|a'
Slack : -1.267
TNS   : -5.234

Type  : Fast 1200mV 0C Model Setup 'clk_25M'
Slack : -1.243
TNS   : -54.401

Type  : Fast 1200mV 0C Model Setup 'clk_in'
Slack : -1.006
TNS   : -39.162

Type  : Fast 1200mV 0C Model Hold 'VGA_display:dis|VGA_sm:u1|i[3]'
Slack : -0.918
TNS   : -7.004

Type  : Fast 1200mV 0C Model Hold 'VGA_display:dis|clk_25M_res'
Slack : -0.852
TNS   : -10.999

Type  : Fast 1200mV 0C Model Hold 'VGA_display:dis|a'
Slack : -0.277
TNS   : -0.680

Type  : Fast 1200mV 0C Model Hold 'clk_in'
Slack : -0.147
TNS   : -0.161

Type  : Fast 1200mV 0C Model Hold 'VGA_display:dis|n[2]'
Slack : 0.156
TNS   : 0.000

Type  : Fast 1200mV 0C Model Hold 'clk_25M'
Slack : 0.168
TNS   : 0.000

Type  : Fast 1200mV 0C Model Hold 'CLK'
Slack : 0.299
TNS   : 0.000

Type  : Fast 1200mV 0C Model Minimum Pulse Width 'clk_in'
Slack : -3.000
TNS   : -66.337

Type  : Fast 1200mV 0C Model Minimum Pulse Width 'VGA_display:dis|VGA_sm:u1|i[3]'
Slack : -1.152
TNS   : -60.050

Type  : Fast 1200mV 0C Model Minimum Pulse Width 'VGA_display:dis|clk_25M_res'
Slack : -1.000
TNS   : -118.000

Type  : Fast 1200mV 0C Model Minimum Pulse Width 'clk_25M'
Slack : -1.000
TNS   : -66.000

Type  : Fast 1200mV 0C Model Minimum Pulse Width 'CLK'
Slack : -1.000
TNS   : -11.000

Type  : Fast 1200mV 0C Model Minimum Pulse Width 'VGA_display:dis|a'
Slack : -1.000
TNS   : -7.000

Type  : Fast 1200mV 0C Model Minimum Pulse Width 'VGA_display:dis|n[2]'
Slack : 0.321
TNS   : 0.000

------------------------------------------------------------
